// Jest Snapshot v1, https://goo.gl/fbAQLP

exports[`ArtistsList should render correctly 1`] = `ShallowWrapper {}`;
